// Jest Snapshot v1, https://goo.gl/fbAQLP

exports[`<GeneratedComponent /> should render the heading 1`] = `
<main
  class=""
>
  <h1>
    GeneratedComponent
  </h1>
</main>
`;
