// Jest Snapshot v1, https://goo.gl/fbAQLP

exports[`<Main /> should render the reading 1`] = `
.c0 {
  background-color: #17182b;
  color: #fff;
  width: 100%;
  height: 100%;
  padding: 3rem;
  text-align: center;
  display: flex;
  flex-direction: column;
  align-items: center;
  justify-content: center;
}

.c1 {
  font-size: 2.5rem;
}

.c2 {
  font-size: 2rem;
  font-weight: 400;
}

<main
  class="c0"
>
  <h1
    class="c1"
  >
    Next.js Boilerplate
  </h1>
  <h2
    class="c2"
  >
    TS, React, Next.js, Styled Components, Storybook, Jest, Eslint, Prettier & Husky
  </h2>
</main>
`;
